// Jest Snapshot v1, https://goo.gl/fbAQLP

exports[`BusySpinner spins busy when isBusy is true 1`] = `
<span
  data-id="spinner"
>
  I'm busy
</span>
`;
